[debug] [2026-08-16T07:43:33.232Z] ----------------------------------------------------------------------
[debug] [2026-08-16T07:43:33.234Z] Command:       /usr/local/nvm/versions/node/v24.19.0/bin/node /usr/local/node_packages/node_modules/.bin/firebase init hosting:github
[debug] [2026-08-16T07:43:33.234Z] CLI Version:   15.25.1
[debug] [2026-08-16T07:43:33.234Z] Platform:      linux
[debug] [2026-08-16T07:43:33.234Z] Node Version:  v24.19.0
[debug] [2026-08-16T07:43:33.235Z] Detected Agent: unknown
[debug] [2026-08-16T07:43:33.235Z] Time:          Sun Aug 16 2026 07:43:33 GMT+0000 (Coordinated Universal Time)
[debug] [2026-08-16T07:43:33.235Z] ----------------------------------------------------------------------
[debug] 
[info] 
     ######## #### ########  ######## ########     ###     ######  ########
     ##        ##  ##     ## ##       ##     ##  ##   ##  ##       ##
     ######    ##  ########  ######   ########  #########  ######  ######
     ##        ##  ##    ##  ##       ##     ## ##     ##       ## ##
     ##       #### ##     ## ######## ########  ##     ##  ######  ########

You're about to initialize a Firebase project in this directory:

  /home/aimutsu0120

Before we get started, keep in mind:

  * You are initializing your home directory as a Firebase project directory
  * You are initializing within an existing Firebase project directory

[info] 
=== Project Setup
[info] 
[info] First, let's associate this project directory with a Firebase project.
[info] You can create multiple project aliases by running firebase use --add, 
[info] 
[debug] [2026-08-16T07:43:34.126Z] > command requires scopes: ["email","openid","https://www.googleapis.com/auth/cloudplatformprojects.readonly","https://www.googleapis.com/auth/firebase","https://www.googleapis.com/auth/cloud-platform"]
[debug] [2026-08-16T07:43:34.126Z] > authorizing via signed-in user (aimutsu0120@gmail.com)
[debug] [2026-08-16T07:43:34.142Z] Checked if tokens are valid: true, expires at: 1786868037558
[debug] [2026-08-16T07:43:34.142Z] Checked if tokens are valid: true, expires at: 1786868037558
[debug] [2026-08-16T07:43:34.143Z] >>> [apiv2][query] GET https://firebase.googleapis.com/v1beta1/projects/focus-quest-study [none]
[debug] [2026-08-16T07:43:34.483Z] <<< [apiv2][status] GET https://firebase.googleapis.com/v1beta1/projects/focus-quest-study 200
[debug] [2026-08-16T07:43:34.483Z] <<< [apiv2][body] GET https://firebase.googleapis.com/v1beta1/projects/focus-quest-study {"projectId":"focus-quest-study","projectNumber":"636358331865","displayName":"focus-quest","name":"projects/focus-quest-study","resources":{"hostingSite":"focus-quest-study"},"state":"ACTIVE","labels":{"firebase":"enabled","firebase.ai-integrations/builder":"ai-studio"},"etag":"1_ee77580f-bc88-4990-984d-8a40bb3d2908"}
[info] i  Using project focus-quest-study (focus-quest) . 
[info] 
=== Hosting:github Setup
[info] 
[info] i  Didn't detect a .git folder. Assuming /home/aimutsu0120 is the project root. 
[info] i  Authorizing with GitHub to upload your service account to a GitHub repository's secrets store. 
[info] 
[info] Visit this URL on this device to log in:
[info] https://github.com/login/oauth/authorize?client_id=89cf50f02ac6aaed3484&state=100854872&redirect_uri=http%3A%2F%2Flocalhost%3A9005&scope=read%3Auser%20repo%20public_repo
[info] 
[info] Waiting for authentication...
