0 verbose cli /usr/local/nvm/versions/node/v24.19.0/bin/node /usr/local/nvm/versions/node/v24.19.0/bin/npm
1 info using npm@12.0.2
2 info using node@v24.19.0
3 silly config load:file:/usr/local/nvm/versions/node/v24.19.0/lib/node_modules/npm/npmrc
4 silly config load:file:/home/aimutsu0120/.npmrc
5 silly config load:file:/usr/local/nvm/versions/node/v24.19.0/etc/npmrc
6 verbose title npm run build
7 verbose argv "run" "build"
8 verbose logfile logs-max:10 dir:/home/aimutsu0120/.npm/_logs/2026-08-16T07_12_36_148Z-
9 verbose logfile /home/aimutsu0120/.npm/_logs/2026-08-16T07_12_36_148Z-debug-0.log
10 silly logfile start cleaning logs, removing 2 files
11 notice run react-example@0.0.0 build
12 notice run vite build
13 silly logfile done cleaning log files
14 verbose cwd /home/aimutsu0120
15 verbose os Linux 6.6.143+
16 verbose node v24.19.0
17 verbose npm  v12.0.2
18 verbose exit 0
19 info ok
